== start 02:15:40  2:15  up 6 days,  5:17, 2 users, load averages: 4.85 4.93 4.99
== book after 02:15:40
== 4 start letter 02:15:40 4.85 4.93 4.99
dl3-keys: 1072 pages; typing on line 71 (page 4), byte 15988
== 4 start --sentence 02:15:51 5.02 4.97 5.00
dl3-keys: 1072 pages; typing on line 71 (page 4), byte 15988
== 4 middle letter 02:16:02 4.86 4.94 4.99
dl3-keys: 1072 pages; typing on line 71 (page 4), byte 16287
== 4 middle --sentence 02:16:12 4.80 4.92 4.98
dl3-keys: 1072 pages; typing on line 71 (page 4), byte 16287
== 4 end letter 02:16:22 4.99 4.96 4.99
dl3-keys: 1072 pages; typing on line 71 (page 4), byte 16539
== 4 end --sentence 02:16:33 5.10 4.98 5.00
dl3-keys: 1072 pages; typing on line 71 (page 4), byte 16539
== 129 start letter 02:16:44 5.15 4.99 5.00
dl3-keys: 1072 pages; typing on line 2088 (page 129), byte 507310
== 129 start --sentence 02:16:54 4.97 4.96 4.99
dl3-keys: 1072 pages; typing on line 2088 (page 129), byte 507310
== 129 middle letter 02:17:07 4.81 4.93 4.98
dl3-keys: 1072 pages; typing on line 2088 (page 129), byte 507617
== 129 middle --sentence 02:17:17 4.68 4.90 4.97
dl3-keys: 1072 pages; typing on line 2088 (page 129), byte 507617
== 129 end letter 02:17:31 6.33 5.23 5.08
dl3-keys: 1072 pages; typing on line 2088 (page 129), byte 507870
== 129 end --sentence 02:17:41 5.82 5.16 5.06
dl3-keys: 1072 pages; typing on line 2088 (page 129), byte 507870
== 539 start letter 02:17:56 5.63 5.15 5.06
dl3-keys: 1072 pages; typing on line 8711 (page 539), byte 2120686
== 539 start --sentence 02:18:06 5.53 5.14 5.06
dl3-keys: 1072 pages; typing on line 8711 (page 539), byte 2120686
== 539 middle letter 02:18:17 5.06 5.06 5.03
dl3-keys: 1072 pages; typing on line 8711 (page 539), byte 2120997
== 539 middle --sentence 02:18:27 4.90 5.02 5.01
dl3-keys: 1072 pages; typing on line 8711 (page 539), byte 2120997
== 539 end letter 02:18:38 5.05 5.05 5.02
dl3-keys: 1072 pages; typing on line 8711 (page 539), byte 2121259
== 539 end --sentence 02:18:49 5.94 5.25 5.09
dl3-keys: 1072 pages; typing on line 8711 (page 539), byte 2121259
== 999 start letter 02:19:02 6.18 5.32 5.12
dl3-keys: 1072 pages; typing on line 16137 (page 999), byte 3929691
== 999 start --sentence 02:19:12 5.92 5.29 5.11
dl3-keys: 1072 pages; typing on line 16137 (page 999), byte 3929691
== 999 middle letter 02:19:23 5.65 5.26 5.10
dl3-keys: 1072 pages; typing on line 16137 (page 999), byte 3929997
== 999 middle --sentence 02:19:33 5.31 5.20 5.08
dl3-keys: 1072 pages; typing on line 16137 (page 999), byte 3929997
== 999 end letter 02:19:44 5.19 5.18 5.08
dl3-keys: 1072 pages; typing on line 16137 (page 999), byte 3930267
== 999 end --sentence 02:19:54 4.93 5.12 5.06
dl3-keys: 1072 pages; typing on line 16137 (page 999), byte 3930267
== end 02:20:05
== app-like plain-10 02:20:05 4.86 5.10 5.05
plain-10 before2 round 1 (4.87 5.10 5.05): client_first_page 7.80/9.00 client_edited_page 7.80/9.00 client_done 39.46/41.68
plain-10 final round 1 (4.65 5.04 5.03): client_first_page 8.04/15.30 client_edited_page 8.04/15.30 client_done 55.34/69.85 first_page_cpu 7.58/10.41
plain-10 finalwarm round 1 (4.58 5.01 5.02): client_first_page 7.91/11.46 client_edited_page 7.91/11.46 client_done 54.99/68.95 first_page_cpu 7.54/8.03
plain-10 before2 round 2 (4.58 4.99 5.01): client_first_page 10.09/19.60 client_edited_page 10.09/19.60 client_done 51.66/66.77
plain-10 final round 2 (5.25 5.12 5.06): client_first_page 8.57/9.61 client_edited_page 8.57/9.61 client_done 63.54/68.13 first_page_cpu 8.07/9.31
plain-10 finalwarm round 2 (5.78 5.25 5.10): client_first_page 8.48/10.98 client_edited_page 8.48/10.98 client_done 65.67/72.92 first_page_cpu 8.18/9.95
== app-like plain-120 02:21:13 5.78 5.25 5.10
plain-120 before2 round 1 (5.89 5.29 5.12): client_first_page 9.18/11.12 client_edited_page 9.18/11.12 client_done 33.86/36.98
plain-120 final round 1 (5.44 5.21 5.09): client_first_page 8.10/8.33 client_edited_page 8.10/8.33 client_done 28.86/32.74 first_page_cpu 7.63/7.88
plain-120 finalwarm round 1 (5.38 5.20 5.09): client_first_page 8.09/12.56 client_edited_page 8.09/12.56 client_done 29.32/37.12 first_page_cpu 7.58/8.58
plain-120 before2 round 2 (4.85 5.10 5.05): client_first_page 19.08/20.52 client_edited_page 19.08/20.52 client_done 49.62/54.14
plain-120 final round 2 (4.14 4.93 4.99): client_first_page 19.24/20.67 client_edited_page 19.24/20.67 client_done 49.76/53.44 first_page_cpu 18.16/19.69
plain-120 finalwarm round 2 (4.04 4.88 4.98): client_first_page 8.06/8.47 client_edited_page 8.06/8.47 client_done 28.36/31.22 first_page_cpu 7.49/7.87
== app-like plain-1000 02:22:21 4.04 4.88 4.98
plain-1000 before2 round 1 (3.87 4.80 4.95): client_first_page 25.70/28.17 client_edited_page 25.70/28.17 client_done 104.05/110.33
plain-1000 final round 1 (4.04 4.80 4.94): client_first_page 22.71/25.15 client_edited_page 22.71/25.15 client_done 103.49/107.67 first_page_cpu 20.04/21.98
plain-1000 finalwarm round 1 (3.89 4.72 4.91): client_first_page 10.07/10.57 client_edited_page 10.07/10.57 client_done 75.83/81.76 first_page_cpu 8.80/9.34
plain-1000 before2 round 2 (3.47 4.59 4.86): client_first_page 26.70/28.78 client_edited_page 26.70/28.78 client_done 105.76/109.80
plain-1000 final round 2 (3.47 4.52 4.83): client_first_page 23.21/24.95 client_edited_page 23.21/24.95 client_done 102.69/106.65 first_page_cpu 19.79/21.57
plain-1000 finalwarm round 2 (3.30 4.43 4.79): client_first_page 10.20/15.65 client_edited_page 10.20/15.65 client_done 77.08/92.80 first_page_cpu 8.80/9.99
== engine matrix 02:23:54
plain-10 start char: {"doc": "plain-10", "compiles": 16, "verified_ok": 0, "mismatches": 0, "interrupted": 0, "converged": 16, "multipass": 0, "ref_multirun": 0, "accounting_only": 0, "modes": {"incremental": 16}}
plain-10 start sentence: {"doc": "plain-10", "compiles": 6, "verified_ok": 0, "mismatches": 0, "interrupted": 0, "converged": 0, "multipass": 0, "ref_multirun": 0, "accounting_only": 0, "modes": {"incremental": 6}}
plain-10 middle char: {"doc": "plain-10", "compiles": 16, "verified_ok": 0, "mismatches": 0, "interrupted": 0, "converged": 14, "multipass": 0, "ref_multirun": 0, "accounting_only": 0, "modes": {"incremental": 16}}
plain-10 middle sentence: {"doc": "plain-10", "compiles": 6, "verified_ok": 0, "mismatches": 0, "interrupted": 0, "converged": 4, "multipass": 0, "ref_multirun": 0, "accounting_only": 0, "modes": {"incremental": 6}}
plain-10 end char: {"doc": "plain-10", "compiles": 16, "verified_ok": 0, "mismatches": 0, "interrupted": 0, "converged": 0, "multipass": 0, "ref_multirun": 0, "accounting_only": 0, "modes": {"incremental": 16}}
plain-10 end sentence: {"doc": "plain-10", "compiles": 6, "verified_ok": 0, "mismatches": 0, "interrupted": 0, "converged": 0, "multipass": 0, "ref_multirun": 0, "accounting_only": 0, "modes": {"incremental": 6}}
plain-100 start char: {"doc": "plain-100", "compiles": 16, "verified_ok": 0, "mismatches": 0, "interrupted": 0, "converged": 8, "multipass": 0, "ref_multirun": 0, "accounting_only": 0, "modes": {"incremental": 16}}
plain-100 start sentence: {"doc": "plain-100", "compiles": 6, "verified_ok": 0, "mismatches": 0, "interrupted": 0, "converged": 3, "multipass": 2, "ref_multirun": 0, "accounting_only": 0, "modes": {"incremental": 6}}
plain-100 middle char: {"doc": "plain-100", "compiles": 16, "verified_ok": 0, "mismatches": 0, "interrupted": 0, "converged": 10, "multipass": 0, "ref_multirun": 0, "accounting_only": 0, "modes": {"incremental": 16}}
plain-100 middle sentence: {"doc": "plain-100", "compiles": 6, "verified_ok": 0, "mismatches": 0, "interrupted": 0, "converged": 4, "multipass": 0, "ref_multirun": 0, "accounting_only": 0, "modes": {"incremental": 6}}
plain-100 end char: {"doc": "plain-100", "compiles": 16, "verified_ok": 0, "mismatches": 0, "interrupted": 0, "converged": 0, "multipass": 0, "ref_multirun": 0, "accounting_only": 0, "modes": {"incremental": 16}}
plain-100 end sentence: {"doc": "plain-100", "compiles": 6, "verified_ok": 0, "mismatches": 0, "interrupted": 0, "converged": 2, "multipass": 0, "ref_multirun": 0, "accounting_only": 0, "modes": {"incremental": 6}}
plain-300 start char: {"doc": "plain-300", "compiles": 16, "verified_ok": 0, "mismatches": 0, "interrupted": 0, "converged": 14, "multipass": 0, "ref_multirun": 0, "accounting_only": 0, "modes": {"incremental": 16}}
plain-300 start sentence: {"doc": "plain-300", "compiles": 6, "verified_ok": 0, "mismatches": 0, "interrupted": 0, "converged": 6, "multipass": 0, "ref_multirun": 0, "accounting_only": 0, "modes": {"incremental": 6}}
plain-300 middle char: {"doc": "plain-300", "compiles": 16, "verified_ok": 0, "mismatches": 0, "interrupted": 0, "converged": 14, "multipass": 0, "ref_multirun": 0, "accounting_only": 0, "modes": {"incremental": 16}}
plain-300 middle sentence: {"doc": "plain-300", "compiles": 6, "verified_ok": 0, "mismatches": 0, "interrupted": 0, "converged": 6, "multipass": 0, "ref_multirun": 0, "accounting_only": 0, "modes": {"incremental": 6}}
plain-300 end char: {"doc": "plain-300", "compiles": 16, "verified_ok": 0, "mismatches": 0, "interrupted": 0, "converged": 8, "multipass": 0, "ref_multirun": 0, "accounting_only": 0, "modes": {"incremental": 16}}
plain-300 end sentence: {"doc": "plain-300", "compiles": 6, "verified_ok": 0, "mismatches": 0, "interrupted": 0, "converged": 6, "multipass": 0, "ref_multirun": 0, "accounting_only": 0, "modes": {"incremental": 6}}
plain-1000 start char: {"doc": "plain-1000", "compiles": 16, "verified_ok": 0, "mismatches": 0, "interrupted": 0, "converged": 14, "multipass": 0, "ref_multirun": 0, "accounting_only": 0, "modes": {"incremental": 16}}
