article-twocolumn
  render article-twocolumn: recovered exit 0 0.578s; from-v2 exit 0
beamer-blocks-columns
  render beamer-blocks-columns: ok exit 0 0.033s; from-v2 exit 0
beamer-default
  render beamer-default: recovered exit 0 0.059s; from-v2 exit 1
beamer-fragile
  render beamer-fragile: recovered exit 0 0.028s; from-v2 exit 0
beamer-madrid
  render beamer-madrid: recovered exit 0 0.056s; from-v2 exit 1
beamer-overlays
  render beamer-overlays: ok exit 0 0.028s; from-v2 exit 0
beamer-polish
  render beamer-polish: recovered exit 0 0.062s; from-v2 exit 0
conf-paper
  render conf-paper: recovered exit 0 0.097s; from-v2 exit 0
cv
  render cv: recovered exit 0 0.069s; from-v2 exit 0
enumitem-worksheet
  render enumitem-worksheet: recovered exit 0 0.058s; from-v2 exit 0
hw1
  render hw1: recovered exit 0 0.074s; from-v2 exit 0
hw2
  render hw2: recovered exit 0 0.074s; from-v2 exit 0
hyperref-toc
  render hyperref-toc: recovered exit 0 0.106s; from-v2 exit 0
inline-math
  render inline-math: recovered exit 0 0.065s; from-v2 exit 0
input-bibliography
  render input-bibliography: recovered exit 0 0.073s; from-v2 exit 0
lab-report
  render lab-report: recovered exit 0 0.075s; from-v2 exit 0
lecture-notes
  render lecture-notes: recovered exit 0 0.073s; from-v2 exit 0
letter
  render letter: recovered exit 0 0.017s; from-v2 exit 0
listings-manual
  render listings-manual: recovered exit 0 0.062s; from-v2 exit 0
lmodern-report
  render lmodern-report: recovered exit 0 0.095s; from-v2 exit 0
math-sheet
  render math-sheet: recovered exit 0 0.062s; from-v2 exit 0
natbib-review
  render natbib-review: recovered exit 0 0.078s; from-v2 exit 0
plain-article
  render plain-article: recovered exit 0 0.079s; from-v2 exit 0
ps-calculus
  render ps-calculus: recovered exit 0 0.078s; from-v2 exit 0
siunitx-tables
  render siunitx-tables: recovered exit 0 0.076s; from-v2 exit 0
thesis-chapter
  render thesis-chapter: recovered exit 0 0.102s; from-v2 exit 0
twelvept-plain
  render twelvept-plain: recovered exit 0 0.094s; from-v2 exit 0
unicode-accents
  render unicode-accents: recovered exit 0 0.025s; from-v2 exit 0
font environment: zero font-FAILURE diagnostics in every fixture
report: docs/evidence/visual-oracle-2026-09-19T210411Z/report.md
